V3 6
FL C:/Users/Sacha/work/amazing3211/board_single_cycle_core/memcont/ipcore_dir/dmem.vhd 2012/04/12.16:06:28 L.33
EN work/dmem 1338077758 \
      FL C:/Users/Sacha/work/amazing3211/board_single_cycle_core/memcont/ipcore_dir/dmem.vhd \
      PB ieee/std_logic_1164 1236108447
AR work/dmem/dmem_a 1338077759 \
      FL C:/Users/Sacha/work/amazing3211/board_single_cycle_core/memcont/ipcore_dir/dmem.vhd \
      EN work/dmem 1338077758
FL C:/Users/Sacha/work/amazing3211/board_single_cycle_core/memcont/ipcore_dir/imem.vhd 2012/04/12.16:05:32 L.33
EN work/imem 1338077913 \
      FL C:/Users/Sacha/work/amazing3211/board_single_cycle_core/memcont/ipcore_dir/imem.vhd \
      PB ieee/std_logic_1164 1236108447
AR work/imem/imem_a 1338077914 \
      FL C:/Users/Sacha/work/amazing3211/board_single_cycle_core/memcont/ipcore_dir/imem.vhd \
      EN work/imem 1338077913
