AR comparator behavioural C:/Users/Sacha/work/amazing3211/multi_cycle_core/Comparator.vhd sub00/vhpl05 1336458545
AR register_file behavioral C:/Users/Sacha/work/amazing3211/multi_cycle_core/register_file.vhd sub00/vhpl20 1336526339
EN data_memory NULL C:/Users/Sacha/work/amazing3211/multi_cycle_core/data_memory.vhd sub00/vhpl21 1336526342
EN adder_5b NULL C:/Users/Sacha/work/amazing3211/multi_cycle_core/adder_5b.vhd sub00/vhpl11 1336526330
EN multi_cycle_core NULL C:/Users/Sacha/work/amazing3211/multi_cycle_core/multi_cycle_core.vhd sub00/vhpl29 1336526350
EN adder_8b NULL C:/Users/Sacha/work/amazing3211/multi_cycle_core/adder_8b.vhd sub00/vhpl00 1336526326
EN mux_2to1_16b NULL C:/Users/Sacha/work/amazing3211/multi_cycle_core/mux_2to1_16b.vhd sub00/vhpl25 1336526346
AR alu structural C:/Users/Sacha/work/amazing3211/multi_cycle_core/alu.vhd sub00/vhpl03 1336526341
AR mux_2to1_4b structural C:/Users/Sacha/work/amazing3211/multi_cycle_core/mux_2to1_4b.vhd sub00/vhpl24 1336526345
EN instruction_memory NULL C:/Users/Sacha/work/amazing3211/multi_cycle_core/instruction_memory.vhd sub00/vhpl13 1336526332
AR mux_2to1_16b structural C:/Users/Sacha/work/amazing3211/multi_cycle_core/mux_2to1_16b.vhd sub00/vhpl26 1336526347
EN program_counter NULL C:/Users/Sacha/work/amazing3211/multi_cycle_core/program_counter.vhd sub00/vhpl09 1336526328
AR adder_5b behavioural C:/Users/Sacha/work/amazing3211/multi_cycle_core/adder_5b.vhd sub00/vhpl12 1336526331
EN mux_2to1_1b NULL C:/Users/Sacha/work/amazing3211/multi_cycle_core/mux_2to1_1b.vhd sub00/vhpl07 1336526324
AR control_unit behavioural C:/Users/Sacha/work/amazing3211/multi_cycle_core/control_unit.vhd sub00/vhpl18 1336526337
EN mux_2to1_4b NULL C:/Users/Sacha/work/amazing3211/multi_cycle_core/mux_2to1_4b.vhd sub00/vhpl23 1336526344
EN mux_2to1_5b NULL C:/Users/Sacha/work/amazing3211/multi_cycle_core/mux_2to1_5b.vhd sub00/vhpl27 1336526348
AR mux_2to1_5b structural C:/Users/Sacha/work/amazing3211/multi_cycle_core/mux_2to1_5b.vhd sub00/vhpl28 1336526349
AR data_memory behavioral C:/Users/Sacha/work/amazing3211/multi_cycle_core/data_memory.vhd sub00/vhpl22 1336526343
AR mux_2to1_1b behavioural C:/Users/Sacha/work/amazing3211/multi_cycle_core/mux_2to1_1b.vhd sub00/vhpl08 1336526325
EN alutestbench NULL C:/Users/Sacha/work/amazing3211/multi_cycle_core/alu_test_bench.vhd sub00/vhpl06 1336458546
EN register_file NULL C:/Users/Sacha/work/amazing3211/multi_cycle_core/register_file.vhd sub00/vhpl19 1336526338
AR multi_cycle_core structural C:/Users/Sacha/work/amazing3211/multi_cycle_core/multi_cycle_core.vhd sub00/vhpl30 1336526351
EN sign_extend_4to16 NULL C:/Users/Sacha/work/amazing3211/multi_cycle_core/sign_extend_4to16.vhd sub00/vhpl15 1336526334
AR sign_extend_4to16 behavioral C:/Users/Sacha/work/amazing3211/multi_cycle_core/sign_extend_4to16.vhd sub00/vhpl16 1336526335
AR program_counter behavioral C:/Users/Sacha/work/amazing3211/multi_cycle_core/program_counter.vhd sub00/vhpl10 1336526329
EN control_unit NULL C:/Users/Sacha/work/amazing3211/multi_cycle_core/control_unit.vhd sub00/vhpl17 1336526336
EN comparator NULL C:/Users/Sacha/work/amazing3211/multi_cycle_core/Comparator.vhd sub00/vhpl04 1336458544
AR instruction_memory behavioral C:/Users/Sacha/work/amazing3211/multi_cycle_core/instruction_memory.vhd sub00/vhpl14 1336526333
AR adder_8b behavioral C:/Users/Sacha/work/amazing3211/multi_cycle_core/adder_8b.vhd sub00/vhpl01 1336526327
EN alu NULL C:/Users/Sacha/work/amazing3211/multi_cycle_core/alu.vhd sub00/vhpl02 1336526340
