V3 63
FL C:/Users/Sacha/work/amazing3211/multi_cycle_core/adder_5b.vhd 2012/05/02.11:40:40 L.33
EN work/adder_5b 1336526330 \
      FL C:/Users/Sacha/work/amazing3211/multi_cycle_core/adder_5b.vhd \
      PB ieee/std_logic_1164 1236108447 PB ieee/std_logic_arith 1236108448 \
      PB ieee/STD_LOGIC_UNSIGNED 1236108449
AR work/adder_5b/behavioural 1336526331 \
      FL C:/Users/Sacha/work/amazing3211/multi_cycle_core/adder_5b.vhd \
      EN work/adder_5b 1336526330
FL C:/Users/Sacha/work/amazing3211/multi_cycle_core/adder_8b.vhd 2012/04/01.08:42:38 L.33
EN work/adder_8b 1336526326 \
      FL C:/Users/Sacha/work/amazing3211/multi_cycle_core/adder_8b.vhd \
      PB ieee/std_logic_1164 1236108447
AR work/adder_8b/behavioral 1336526327 \
      FL C:/Users/Sacha/work/amazing3211/multi_cycle_core/adder_8b.vhd \
      EN work/adder_8b 1336526326
FL C:/Users/Sacha/work/amazing3211/multi_cycle_core/alu.vhd 2012/05/02.12:40:12 L.33
EN work/alu 1336526340 \
      FL C:/Users/Sacha/work/amazing3211/multi_cycle_core/alu.vhd \
      PB ieee/std_logic_1164 1236108447 PB ieee/std_logic_arith 1236108448 \
      PB ieee/STD_LOGIC_UNSIGNED 1236108449
AR work/alu/structural 1336526341 \
      FL C:/Users/Sacha/work/amazing3211/multi_cycle_core/alu.vhd EN work/alu 1336526340 \
      CP adder_8b
FL C:/Users/Sacha/work/amazing3211/multi_cycle_core/alu_test_bench.vhd 2012/04/01.18:22:34 L.33
EN work/ALUTestBench 0 \
      FL C:/Users/Sacha/work/amazing3211/multi_cycle_core/alu_test_bench.vhd \
      PB ieee/std_logic_1164 1236108447 PB ieee/std_logic_arith 1236108448 \
      PB ieee/STD_LOGIC_UNSIGNED 1236108449 PB ieee/STD_LOGIC_TEXTIO 1236108448 \
      LB std PB std/textio 1236108447
AR work/ALUTestBench/TBusingFileIO 0 \
      FL C:/Users/Sacha/work/amazing3211/multi_cycle_core/alu_test_bench.vhd \
      EN work/ALUTestBench 0 CP alu CP Comparator
FL C:/Users/Sacha/work/amazing3211/multi_cycle_core/Comparator.vhd 2012/04/01.18:03:30 L.33
EN work/Comparator 1336458544 \
      FL C:/Users/Sacha/work/amazing3211/multi_cycle_core/Comparator.vhd \
      PB ieee/std_logic_1164 1236108447 PB ieee/std_logic_arith 1236108448 \
      PB ieee/STD_LOGIC_UNSIGNED 1236108449
AR work/Comparator/behavioural 1336458545 \
      FL C:/Users/Sacha/work/amazing3211/multi_cycle_core/Comparator.vhd \
      EN work/Comparator 1336458544
FL C:/Users/Sacha/work/amazing3211/multi_cycle_core/control_unit.vhd 2012/05/02.11:11:37 L.33
EN work/control_unit 1336526336 \
      FL C:/Users/Sacha/work/amazing3211/multi_cycle_core/control_unit.vhd \
      PB ieee/std_logic_1164 1236108447 PB ieee/std_logic_arith 1236108448 \
      PB ieee/STD_LOGIC_UNSIGNED 1236108449
AR work/control_unit/behavioural 1336526337 \
      FL C:/Users/Sacha/work/amazing3211/multi_cycle_core/control_unit.vhd \
      EN work/control_unit 1336526336
FL C:/Users/Sacha/work/amazing3211/multi_cycle_core/data_memory.vhd 2012/05/02.11:11:17 L.33
EN work/data_memory 1336526342 \
      FL C:/Users/Sacha/work/amazing3211/multi_cycle_core/data_memory.vhd \
      PB ieee/std_logic_1164 1236108447 PB ieee/std_logic_arith 1236108448 \
      PB ieee/STD_LOGIC_UNSIGNED 1236108449
AR work/data_memory/behavioral 1336526343 \
      FL C:/Users/Sacha/work/amazing3211/multi_cycle_core/data_memory.vhd \
      EN work/data_memory 1336526342
FL C:/Users/Sacha/work/amazing3211/multi_cycle_core/instruction_memory.vhd 2012/05/02.13:04:05 L.33
EN work/instruction_memory 1336526332 \
      FL C:/Users/Sacha/work/amazing3211/multi_cycle_core/instruction_memory.vhd \
      PB ieee/std_logic_1164 1236108447 PB ieee/std_logic_arith 1236108448 \
      PB ieee/STD_LOGIC_UNSIGNED 1236108449
AR work/instruction_memory/behavioral 1336526333 \
      FL C:/Users/Sacha/work/amazing3211/multi_cycle_core/instruction_memory.vhd \
      EN work/instruction_memory 1336526332
FL C:/Users/Sacha/work/amazing3211/multi_cycle_core/multi_cycle_core.vhd 2012/05/08.16:17:44 L.33
EN work/multi_cycle_core 1336526350 \
      FL C:/Users/Sacha/work/amazing3211/multi_cycle_core/multi_cycle_core.vhd \
      PB ieee/std_logic_1164 1236108447 PB ieee/std_logic_arith 1236108448 \
      PB ieee/STD_LOGIC_UNSIGNED 1236108449
AR work/multi_cycle_core/structural 1336526351 \
      FL C:/Users/Sacha/work/amazing3211/multi_cycle_core/multi_cycle_core.vhd \
      EN work/multi_cycle_core 1336526350 CP program_counter CP adder_5b \
      CP instruction_memory CP sign_extend_4to16 CP control_unit CP register_file \
      CP alu CP data_memory CP mux_2to1_4b CP mux_2to1_16b CP mux_2to1_5b
FL C:/Users/Sacha/work/amazing3211/multi_cycle_core/mux_2to1_16b.vhd 2012/03/17.16:18:13 L.33
EN work/mux_2to1_16b 1336526346 \
      FL C:/Users/Sacha/work/amazing3211/multi_cycle_core/mux_2to1_16b.vhd \
      PB ieee/std_logic_1164 1236108447 PB ieee/std_logic_arith 1236108448 \
      PB ieee/STD_LOGIC_UNSIGNED 1236108449
AR work/mux_2to1_16b/structural 1336526347 \
      FL C:/Users/Sacha/work/amazing3211/multi_cycle_core/mux_2to1_16b.vhd \
      EN work/mux_2to1_16b 1336526346 CP mux_2to1_1b
FL C:/Users/Sacha/work/amazing3211/multi_cycle_core/mux_2to1_1b.vhd 2012/04/02.21:09:52 L.33
EN work/mux_2to1_1b 1336526324 \
      FL C:/Users/Sacha/work/amazing3211/multi_cycle_core/mux_2to1_1b.vhd \
      PB ieee/std_logic_1164 1236108447 PB ieee/std_logic_arith 1236108448 \
      PB ieee/STD_LOGIC_UNSIGNED 1236108449
AR work/mux_2to1_1b/behavioural 1336526325 \
      FL C:/Users/Sacha/work/amazing3211/multi_cycle_core/mux_2to1_1b.vhd \
      EN work/mux_2to1_1b 1336526324
FL C:/Users/Sacha/work/amazing3211/multi_cycle_core/mux_2to1_4b.vhd 2012/05/02.11:39:10 L.33
EN work/mux_2to1_4b 1336526344 \
      FL C:/Users/Sacha/work/amazing3211/multi_cycle_core/mux_2to1_4b.vhd \
      PB ieee/std_logic_1164 1236108447 PB ieee/std_logic_arith 1236108448 \
      PB ieee/STD_LOGIC_UNSIGNED 1236108449
AR work/mux_2to1_4b/structural 1336526345 \
      FL C:/Users/Sacha/work/amazing3211/multi_cycle_core/mux_2to1_4b.vhd \
      EN work/mux_2to1_4b 1336526344 CP mux_2to1_1b
FL C:/Users/Sacha/work/amazing3211/multi_cycle_core/mux_2to1_5b.vhd 2012/05/02.11:39:45 L.33
EN work/mux_2to1_5b 1336526348 \
      FL C:/Users/Sacha/work/amazing3211/multi_cycle_core/mux_2to1_5b.vhd \
      PB ieee/std_logic_1164 1236108447 PB ieee/std_logic_arith 1236108448 \
      PB ieee/STD_LOGIC_UNSIGNED 1236108449
AR work/mux_2to1_5b/structural 1336526349 \
      FL C:/Users/Sacha/work/amazing3211/multi_cycle_core/mux_2to1_5b.vhd \
      EN work/mux_2to1_5b 1336526348 CP mux_2to1_1b
FL C:/Users/Sacha/work/amazing3211/multi_cycle_core/program_counter.vhd 2012/05/02.11:41:52 L.33
EN work/program_counter 1336526328 \
      FL C:/Users/Sacha/work/amazing3211/multi_cycle_core/program_counter.vhd \
      PB ieee/std_logic_1164 1236108447 PB ieee/std_logic_arith 1236108448 \
      PB ieee/STD_LOGIC_UNSIGNED 1236108449
AR work/program_counter/behavioral 1336526329 \
      FL C:/Users/Sacha/work/amazing3211/multi_cycle_core/program_counter.vhd \
      EN work/program_counter 1336526328
FL C:/Users/Sacha/work/amazing3211/multi_cycle_core/register_file.vhd 2012/04/02.20:51:23 L.33
EN work/register_file 1336526338 \
      FL C:/Users/Sacha/work/amazing3211/multi_cycle_core/register_file.vhd \
      PB ieee/std_logic_1164 1236108447 PB ieee/std_logic_arith 1236108448 \
      PB ieee/STD_LOGIC_UNSIGNED 1236108449
AR work/register_file/behavioral 1336526339 \
      FL C:/Users/Sacha/work/amazing3211/multi_cycle_core/register_file.vhd \
      EN work/register_file 1336526338
FL C:/Users/Sacha/work/amazing3211/multi_cycle_core/sign_extend_4to16.vhd 2012/05/02.11:11:37 L.33
EN work/sign_extend_4to16 1336526334 \
      FL C:/Users/Sacha/work/amazing3211/multi_cycle_core/sign_extend_4to16.vhd \
      PB ieee/std_logic_1164 1236108447 PB ieee/std_logic_arith 1236108448 \
      PB ieee/STD_LOGIC_UNSIGNED 1236108449
AR work/sign_extend_4to16/behavioral 1336526335 \
      FL C:/Users/Sacha/work/amazing3211/multi_cycle_core/sign_extend_4to16.vhd \
      EN work/sign_extend_4to16 1336526334
