AR register_file behavioral C:/Users/Sacha/work/amazing3211/board_single_cycle_core/memcont/register_file.vhd sub00/vhpl13 1338095213
EN adder_7b NULL C:/Users/Sacha/work/amazing3211/board_single_cycle_core/memcont/adder_5b.vhd sub00/vhpl06 1338095206
EN dmem NULL C:/Users/Sacha/work/amazing3211/board_single_cycle_core/memcont/ipcore_dir/dmem.vhd sub00/vhpl24 1338095224
EN adder_8b NULL C:/Users/Sacha/work/amazing3211/board_single_cycle_core/memcont/adder_8b.vhd sub00/vhpl02 1338095202
EN mux_2to1_16b NULL C:/Users/Sacha/work/amazing3211/board_single_cycle_core/memcont/mux_2to1_16b.vhd sub00/vhpl18 1338095218
AR alu structural C:/Users/Sacha/work/amazing3211/board_single_cycle_core/memcont/alu.vhd sub00/vhpl15 1338095215
AR mux_2to1_4b structural C:/Users/Sacha/work/amazing3211/board_single_cycle_core/memcont/mux_2to1_4b.vhd sub00/vhpl17 1338095217
AR mux_2to1_16b structural C:/Users/Sacha/work/amazing3211/board_single_cycle_core/memcont/mux_2to1_16b.vhd sub00/vhpl19 1338095219
EN program_counter NULL C:/Users/Sacha/work/amazing3211/board_single_cycle_core/memcont/program_counter.vhd sub00/vhpl04 1338095204
AR dmem dmem_a C:/Users/Sacha/work/amazing3211/board_single_cycle_core/memcont/ipcore_dir/dmem.vhd sub00/vhpl25 1338095225
EN imem NULL C:/Users/Sacha/work/amazing3211/board_single_cycle_core/memcont/ipcore_dir/imem.vhd sub00/vhpl26 1338095226
EN mux_2to1_1b NULL C:/Users/Sacha/work/amazing3211/board_single_cycle_core/memcont/mux_2to1_1b.vhd sub00/vhpl00 1338095200
AR control_unit behavioural C:/Users/Sacha/work/amazing3211/board_single_cycle_core/memcont/control_unit.vhd sub00/vhpl11 1338095211
EN mux_2to1_4b NULL C:/Users/Sacha/work/amazing3211/board_single_cycle_core/memcont/mux_2to1_4b.vhd sub00/vhpl16 1338095216
AR single_cycle_core structural C:/Users/Sacha/work/amazing3211/board_single_cycle_core/memcont/single_cycle_core.vhd sub00/vhpl23 1338095223
AR mux_2to1_8b structural C:/Users/Sacha/work/amazing3211/board_single_cycle_core/memcont/mux_2to1_5b.vhd sub00/vhpl21 1338095221
EN top NULL C:/Users/Sacha/work/amazing3211/board_single_cycle_core/memcont/top.vhd sub00/vhpl30 1338095230
AR mux_2to1_1b behavioural C:/Users/Sacha/work/amazing3211/board_single_cycle_core/memcont/mux_2to1_1b.vhd sub00/vhpl01 1338095201
EN mux_2to1_8b NULL C:/Users/Sacha/work/amazing3211/board_single_cycle_core/memcont/mux_2to1_5b.vhd sub00/vhpl20 1338095220
EN register_file NULL C:/Users/Sacha/work/amazing3211/board_single_cycle_core/memcont/register_file.vhd sub00/vhpl12 1338095212
AR adder_7b behavioural C:/Users/Sacha/work/amazing3211/board_single_cycle_core/memcont/adder_5b.vhd sub00/vhpl07 1338095207
EN sign_extend_4to16 NULL C:/Users/Sacha/work/amazing3211/board_single_cycle_core/memcont/sign_extend_4to16.vhd sub00/vhpl08 1338095208
AR adder_4b behavioural C:/Users/Sacha/work/amazing3211/board_single_cycle_core/memcont/adder_4b.vhd sub00/vhpl29 1338095229
EN single_cycle_core NULL C:/Users/Sacha/work/amazing3211/board_single_cycle_core/memcont/single_cycle_core.vhd sub00/vhpl22 1338095222
AR imem imem_a C:/Users/Sacha/work/amazing3211/board_single_cycle_core/memcont/ipcore_dir/imem.vhd sub00/vhpl27 1338095227
AR sign_extend_4to16 behavioral C:/Users/Sacha/work/amazing3211/board_single_cycle_core/memcont/sign_extend_4to16.vhd sub00/vhpl09 1338095209
AR program_counter behavioral C:/Users/Sacha/work/amazing3211/board_single_cycle_core/memcont/program_counter.vhd sub00/vhpl05 1338095205
EN control_unit NULL C:/Users/Sacha/work/amazing3211/board_single_cycle_core/memcont/control_unit.vhd sub00/vhpl10 1338095210
AR top behavioral C:/Users/Sacha/work/amazing3211/board_single_cycle_core/memcont/top.vhd sub00/vhpl31 1338095231
AR adder_8b behavioral C:/Users/Sacha/work/amazing3211/board_single_cycle_core/memcont/adder_8b.vhd sub00/vhpl03 1338095203
EN alu NULL C:/Users/Sacha/work/amazing3211/board_single_cycle_core/memcont/alu.vhd sub00/vhpl14 1338095214
EN adder_4b NULL C:/Users/Sacha/work/amazing3211/board_single_cycle_core/memcont/adder_4b.vhd sub00/vhpl28 1338095228
